
 WuCAPS                                                              武汉大学
 ============================================================================
                        联合光束法区域网平差  模块

                                                                     12/09/20
                                                                     12:55:31

   区域中像片总数:     6
   区域中像点总数:    61
   区域中加密点数:    22
   平 高 定向点数:     4
   平 面 定向点数:     0
   高 程 定向点数:     0
   附 加 参数个数:     3

   平差系统观测值总数：   137
   平差系统未知数总数：   105
   平差系统多余观测数：    32

   像点坐标观测值先验权               :  0.10E+01
   大地定向点 X 坐标观测值先验权      :  0.10E+00
   大地定向点 Y 坐标观测值先验权      :  0.10E+00
   大地定向点 Z 坐标观测值先验权      :  0.10E+00
   像点坐标系统误差补偿附加参数先验权 :  0.10E-05

   最大允许迭代次数 : 10


   ______________________________第  1 次迭代______________________________

   自检校参数:
     -0.773E-03   0.282E-03   0.124E-08

   单位权中误差:    0.0462 毫米


   ______________________________第  2 次迭代______________________________

   自检校参数:
     -0.772E-03   0.282E-03   0.172E-08

   单位权中误差:    0.0042 毫米


   ______________________________第  3 次迭代______________________________

   自检校参数:
     -0.772E-03   0.282E-03   0.172E-08

   单位权中误差:    0.0042 毫米
