
 WuCAPS                                                              武汉大学
 ============================================================================
                        构建自由航线网  模块

                                                                     12/09/20
                                                                     12:55:27

 先验像点坐标量测精度：  5.0 Micron



 ----------------------------------------------------------------------------
                                 航线号    1
 ----------------------------------------------------------------------------

      航线中的像片排列:
         321         320         319

         3 PHOTOS


               ..........    模型名        321       320    ..........


                                  相对定向结果
 ~~~~~~~~~~~~~~~~~~~~~~~~~~~~~~~~~~~~~~~~~~~~~~~~~~~~~~~~~~~~~~~~~~~~~~~~~~~~
 参与定向点数=  8           单位权中误差=   3.47 微米             迭代次数= 3

 [ 相对定向元素值 (单位: 毫米, 度.分秒) ]
      Bx=   81.1795             By=   -0.7726               Bz=   -1.2302
     Phi=   -0.0736          Omega=   -0.0154            Kappa=   -1.0002

 [ 相对定向元素精度 (单位: 毫米, 分) ]
      Bx=    0.0000             By=    0.0149               Bz=    0.0043
     Phi=    0.3162          Omega=    0.2796            Kappa=    0.1207
 ~~~~~~~~~~~~~~~~~~~~~~~~~~~~~~~~~~~~~~~~~~~~~~~~~~~~~~~~~~~~~~~~~~~~~~~~~~~~

                                  像点坐标 (毫米)
 ----------------------------------------------------------------------------
 像  点  名     Xl       Yl       Xr       Yr  上下视差残差 统计量 多余观测数
          2    0.087   -9.664  -81.093  -10.281     0.0046    1.11     0.54
          3    0.726  -88.302  -79.245  -89.413     0.0037    1.17     0.31
          1   -5.861   48.149  -87.800   47.816    -0.0012    0.64     0.11
     833000    6.604  -63.821  -74.399  -64.702    -0.0075    1.66     0.65
     831000   78.105   70.823   -4.544   72.212    -0.0013    0.28     0.64
          5   78.230   12.840   -2.800   13.760     0.0004    0.13     0.34
          6   78.743  -76.439   -1.039  -76.197     0.0004    0.34     0.05
          4   85.394   86.009    3.340   87.667     0.0008    0.24     0.35

                                  模型坐标 (米)
            ------------------------------------------------------
            模 型 点 名             Xm            Ym            Zm
                      2         0.2171      -24.1678       -0.2254
                      3         1.8116     -220.3434        0.7103
                      1       -14.7146      120.8913       -1.6632
                 833000        16.3556     -158.0636        3.6088
                 831000       194.0225      175.9320        2.4408
                      5       195.7514       32.1289       -0.3459
                      6       196.2487     -190.5042        1.1909
                      4       214.2170      215.7608       -1.3178


               ..........    模型名        320       319    ..........


                                  相对定向结果
 ~~~~~~~~~~~~~~~~~~~~~~~~~~~~~~~~~~~~~~~~~~~~~~~~~~~~~~~~~~~~~~~~~~~~~~~~~~~~
 参与定向点数= 10           单位权中误差=   3.79 微米             迭代次数= 4

 [ 相对定向元素值 (单位: 毫米, 度.分秒) ]
      Bx=   87.4723             By=   -1.0495               Bz=   -1.3603
     Phi=   -0.0625          Omega=   -0.1336            Kappa=   -0.5739

 [ 相对定向元素精度 (单位: 毫米, 分) ]
      Bx=    0.0127             By=    0.0121               Bz=    0.0042
     Phi=    0.2418          Omega=    0.2084            Kappa=    0.1056
 ~~~~~~~~~~~~~~~~~~~~~~~~~~~~~~~~~~~~~~~~~~~~~~~~~~~~~~~~~~~~~~~~~~~~~~~~~~~~

                                  像点坐标 (毫米)
 ----------------------------------------------------------------------------
 像  点  名     Xl       Yl       Xr       Yr  上下视差残差 统计量 多余观测数
          6   -1.039  -76.197  -90.153  -76.577    -0.0015    0.38     0.31
          5   -2.800   13.760  -91.698   13.973    -0.0008    0.13     0.76
          4    3.340   87.667  -85.404   88.636     0.0063    1.38     0.43
     831000   -4.544   72.212  -94.238   72.997    -0.0076    1.40     0.60
     834000   36.274  -70.156  -52.687  -70.529    -0.0025    0.40     0.77
          8   48.739    9.290  -39.902    9.429     0.0010    0.19     0.62
          9   49.160  -78.484  -39.770  -78.894     0.0055    0.91     0.75
          7   64.388   70.882  -23.922   71.597    -0.0014    0.24     0.71
    8031901   91.470   72.925    2.861   73.642     0.0017    0.35     0.45
    8033401  101.674  -83.701   12.983  -84.165    -0.0008    0.23     0.28
 像  点  名     Xl       Yl       Xr       Yr  左右视差残差 统计量 多余观测数
          6                                         0.0098    2.46     0.32
          5                                        -0.0177    2.94     0.74
          4                                        -0.0125    2.33     0.59
     831000                                         0.0206    3.66     0.65

                                  模型坐标 (米)
            ------------------------------------------------------
            模 型 点 名             Xm            Ym            Zm
                      6       196.2491     -190.4934        1.2154
                      5       195.7505       32.1324       -0.3902
                      4       214.2179      215.7874       -1.3490
                 831000       194.0238      175.8968        2.4924
                 834000       288.6864     -177.0115        1.3503
                      8       323.2473       18.7651        0.0807
                      9       320.0902     -198.0108        1.5217
                      7       365.0331      171.0451       -0.9290
                8031901       430.9372      173.8519        1.2892
                8033401       449.3048     -212.9888        1.5558


 ----------------------------------------------------------------------------
                                 航线号    2
 ----------------------------------------------------------------------------

      航线中的像片排列:
         332         333         334

         3 PHOTOS


               ..........    模型名        332       333    ..........


                                  相对定向结果
 ~~~~~~~~~~~~~~~~~~~~~~~~~~~~~~~~~~~~~~~~~~~~~~~~~~~~~~~~~~~~~~~~~~~~~~~~~~~~
 参与定向点数=  7           单位权中误差=   3.91 微米             迭代次数= 4

 [ 相对定向元素值 (单位: 毫米, 度.分秒) ]
      Bx=   88.5244             By=   -4.5085               Bz=   -1.4562
     Phi=   -0.1100          Omega=    0.3552            Kappa=   -1.1721

 [ 相对定向元素精度 (单位: 毫米, 分) ]
      Bx=    0.0000             By=    0.0278               Bz=    0.0093
     Phi=    0.4327          Omega=    0.5607            Kappa=    0.1606
 ~~~~~~~~~~~~~~~~~~~~~~~~~~~~~~~~~~~~~~~~~~~~~~~~~~~~~~~~~~~~~~~~~~~~~~~~~~~~

                                  像点坐标 (毫米)
 ----------------------------------------------------------------------------
 像  点  名     Xl       Yl       Xr       Yr  上下视差残差 统计量 多余观测数
          3   11.349   73.538  -77.175   74.852    -0.0013    0.97     0.03
         10   13.123  -18.035  -72.989  -17.006     0.0041    0.84     0.44
     832000   18.890  -42.887  -66.876  -42.011     0.0032    0.57     0.60
         11   23.682  -45.082  -61.545  -44.152    -0.0076    1.35     0.59
         13   82.041  -44.224   -3.596  -41.970     0.0025    1.17     0.08
          6   92.523   82.593    2.958   85.893     0.0022    1.03     0.09
         12  102.809   35.027   14.878   38.512    -0.0032    1.04     0.18

                                  模型坐标 (米)
            ------------------------------------------------------
            模 型 点 名             Xm            Ym            Zm
                      3        28.8305      186.8080       -6.2012
                     10        33.6413      -46.2311       -9.7894
                 832000        48.3462     -109.7612       -9.1372
                     11        60.9271     -115.9912      -11.1852
                     13       208.6621     -112.4764       -6.6771
                      6       232.3192      207.3888       -1.6834
                     12       259.5355       88.4203       -3.7584


               ..........    模型名        333       334    ..........


                                  相对定向结果
 ~~~~~~~~~~~~~~~~~~~~~~~~~~~~~~~~~~~~~~~~~~~~~~~~~~~~~~~~~~~~~~~~~~~~~~~~~~~~
 参与定向点数=  9           单位权中误差=   5.17 微米             迭代次数= 5

 [ 相对定向元素值 (单位: 毫米, 度.分秒) ]
      Bx=   94.0729             By=   -6.2686               Bz=    1.1049
     Phi=    0.2156          Omega=    1.1233            Kappa=   -1.5928

 [ 相对定向元素精度 (单位: 毫米, 分) ]
      Bx=    0.0251             By=    0.0212               Bz=    0.0070
     Phi=    0.4391          Omega=    0.3814            Kappa=    0.1925
 ~~~~~~~~~~~~~~~~~~~~~~~~~~~~~~~~~~~~~~~~~~~~~~~~~~~~~~~~~~~~~~~~~~~~~~~~~~~~

                                  像点坐标 (毫米)
 ----------------------------------------------------------------------------
 像  点  名     Xl       Yl       Xr       Yr  上下视差残差 统计量 多余观测数
          6    2.958   85.893  -92.733   86.320     0.0007    0.13     0.42
         13   -3.596  -41.970  -98.166  -40.695     0.0024    1.41     0.05
         12   14.878   38.512  -80.380   39.676     0.0088    1.28     0.75
         14   34.750   49.646  -61.055   50.863    -0.0003    0.04     0.78
     834000   41.774   90.955  -54.794   91.556    -0.0069    1.04     0.69
          9   54.725   81.914  -42.016   82.786     0.0016    0.23     0.78
         15   78.236  -36.316  -17.008  -33.857     0.0051    0.86     0.56
    9033401   90.007  -70.519   -5.862  -67.797    -0.0086    1.80     0.36
    8033401  109.306   74.576   11.315   75.996    -0.0028    0.68     0.28
 像  点  名     Xl       Yl       Xr       Yr  左右视差残差 统计量 多余观测数
          6                                         0.0190    3.71     0.42
         13                                        -0.0116    2.77     0.28
         12                                        -0.0072    1.15     0.62

                                  模型坐标 (米)
            ------------------------------------------------------
            模 型 点 名             Xm            Ym            Zm
                      6       232.3178      207.3654       -1.6360
                     13       208.6611     -112.4779       -6.7061
                     12       259.5373       88.4319       -3.7764
                     14       309.6044      114.6870       -2.0926
                 834000       329.0205      216.4535        0.4631
                      9       360.5298      193.0045        0.6079
                     15       413.3151     -102.2940       -4.7117
                9033401       438.5586     -186.5510       -1.7975
                8033401       493.8999      170.5863        2.3400
