
 WuCAPS                                                              武汉大学
 ============================================================================
                       像片坐标观测值处理  模块

                                                                     12/09/20
                                                                     12:55:26


                   航带:    1               航摄仪:         1
 ~~~~~~~~~~~~~~~~~~~~~~~~~~~~~~~~~~~~~~~~~~~~~~~~~~~~~~~~~~~~~~~~~~~~~~~~~~~~

                              理论框标坐标 (毫米)
                         =============================
                         序号           x            y
                           1     106.0020    -106.0030
                           2    -106.0010    -106.0040
                           3    -106.0000     106.0020
                           4     105.9990     106.0020


 未进行像片内定向 __像片号         321

                    像  点  名        x           y
                             1     -5.8605     48.1489
                             2      0.0868     -9.6638
                             3      0.7260    -88.3023
                             4     85.3942     86.0092
                             5     78.2302     12.8398
                             6     78.7433    -76.4386
                        831000     78.1047     70.8229
                        833000      6.6042    -63.8205

 未进行像片内定向 __像片号         320

                    像  点  名        x           y
                             1    -87.8004     47.8155
                             2    -81.0927    -10.2806
                             3    -79.2455    -89.4135
                             4      3.3399     87.6668
                             5     -2.8000     13.7598
                             6     -1.0389    -76.1965
                             7     64.3879     70.8822
                             8     48.7386      9.2898
                       8031901     91.4697     72.9253
                       8033401    101.6737    -83.7011
                        831000     -4.5444     72.2115
                        833000    -74.3992    -64.7019
                        834000     36.2736    -70.1563
                             9     49.1605    -78.4841

 未进行像片内定向 __像片号         319

                    像  点  名        x           y
                             4    -85.4041     88.6356
                             5    -91.6979     13.9728
                             6    -90.1533    -76.5770
                             7    -23.9218     71.5968
                             8    -39.9024      9.4290
                       8031901      2.8607     73.6423
                       8033401     12.9831    -84.1650
                        831000    -94.2380     72.9969
                        834000    -52.6866    -70.5294
                             9    -39.7697    -78.8938


                   航带:    2               航摄仪:         1
 ~~~~~~~~~~~~~~~~~~~~~~~~~~~~~~~~~~~~~~~~~~~~~~~~~~~~~~~~~~~~~~~~~~~~~~~~~~~~

                              理论框标坐标 (毫米)
                         =============================
                         序号           x            y
                           1     106.0020    -106.0030
                           2    -106.0010    -106.0040
                           3    -106.0000     106.0020
                           4     105.9990     106.0020


 未进行像片内定向 __像片号         332

                    像  点  名        x           y
                            10     13.1225    -18.0354
                            11     23.6821    -45.0816
                            12    102.8095     35.0274
                            13     82.0405    -44.2240
                             3     11.3492     73.5381
                             6     92.5227     82.5929
                        832000     18.8897    -42.8872

 未进行像片内定向 __像片号         333

                    像  点  名        x           y
                            10    -72.9895    -17.0065
                            11    -61.5446    -44.1520
                            12     14.8783     38.5121
                            13     -3.5961    -41.9702
                            14     34.7499     49.6465
                            15     78.2360    -36.3164
                             3    -77.1752     74.8520
                             6      2.9582     85.8929
                       8033401    109.3061     74.5758
                        832000    -66.8762    -42.0111
                        834000     41.7738     90.9554
                             9     54.7255     81.9142
                       9033401     90.0072    -70.5186

 未进行像片内定向 __像片号         334

                    像  点  名        x           y
                            12    -80.3798     39.6757
                            13    -98.1656    -40.6952
                            14    -61.0549     50.8634
                            15    -17.0079    -33.8567
                             6    -92.7334     86.3203
                       8033401     11.3152     75.9956
                        834000    -54.7936     91.5557
                             9    -42.0155     82.7857
                       9033401     -5.8625    -67.7975
