
 WuCAPS                                                              武汉大学
 ============================================================================
                    光束法平差数据准备  模块

                                                                     12/09/20
                                                                     12:55:29


                                  航线  1
 ----------------------------------------------------------------------------



                          航线模型空间三维相似变换
   ~~~~~~~~~~~~~~~~~~~~~~~~~~~~~~~~~~~~~~~~~~~~~~~~~~~~~~~~~~~~~~~~~~~~~~~~
   平面定向点数 =  3                                      高程定向点数 =  3

   迭代次数    Dx        Dy        Dz      Dl        Dp        Do        Dk
      1     0.000     0.000     0.000    0.04   -0.0013    0.0066    0.0000
      2     0.000     0.000     0.000    0.00    0.0000   -0.0002    0.0000
      3     0.000     0.000     0.000    0.00    0.0000    0.0000    0.0000

   DXg=    0.0000 m    DYg=    0.0000 m    DZg=    0.0000 m    Lambda= 1.04
      Phi=   0.00 rad        Omega=   0.01 rad         Kappa=   0.00 rad


                          三维相似变换之坐标残差 (m)
            ~~~~~~~~~~~~~~~~~~~~~~~~~~~~~~~~~~~~~~~~~~~~~~~~~~~~~~~~~
            定向点名           Dx           Dy           Dz    识别码
              834000       0.0528       0.0685       0.0004         3
             8031901      -0.0340       0.0139       0.0001         3
             8033401      -0.0188      -0.0825      -0.0005         3


                             像片外方位元素近似值
                               (单位:  弧度,  m)
 ~~~~~~~~~~~~~~~~~~~~~~~~~~~~~~~~~~~~~~~~~~~~~~~~~~~~~~~~~~~~~~~~~~~~~~~~~~~
 像 片 名        Phi     Omega     Kappa          Xs          Ys          Zs
      321       0.00      0.01      0.01    -411.282     193.584     396.916
      320       0.00      0.01     -0.01    -201.162     193.872     393.477
      319       0.00      0.00     -0.01      25.251     193.629     389.677


                                  航线  2
 ----------------------------------------------------------------------------



                          航线模型空间三维相似变换
   ~~~~~~~~~~~~~~~~~~~~~~~~~~~~~~~~~~~~~~~~~~~~~~~~~~~~~~~~~~~~~~~~~~~~~~~~
   平面定向点数 =  6                                      高程定向点数 =  6

   迭代次数    Dx        Dy        Dz      Dl        Dp        Do        Dk
      1    -0.014    -0.026    -0.003    0.00   -0.0169   -0.0205    0.0031
      2    -0.002     0.022     0.011    0.00    0.0000   -0.0003   -0.0003
      3     0.018    -0.026     0.008    0.00    0.0000   -0.0001    0.0003
      4    -0.020     0.025    -0.007    0.00    0.0000    0.0000   -0.0003
      5     0.037    -0.044    -0.265    0.00    0.0007    0.0030    0.0005

   DXg=    0.0197 m    DYg=   -0.0496 m    DZg=   -0.2559 m    Lambda= 1.00
      Phi=  -0.02 rad        Omega=  -0.02 rad         Kappa=   0.00 rad

          % 连接点           3 可能存在粗差!  Y坐标粗差估值=       1.136m

          % 连接点           3 可能存在粗差!  Z坐标粗差估值=       0.355m

          % 连接点           6 可能存在粗差!  Z坐标粗差估值=       0.160m

          % 连接点           9 可能存在粗差!  Z坐标粗差估值=       0.010m

          % 连接点     9033401 可能存在粗差!  Z坐标粗差估值=       1.546m


                          三维相似变换之坐标残差 (m)
            ~~~~~~~~~~~~~~~~~~~~~~~~~~~~~~~~~~~~~~~~~~~~~~~~~~~~~~~~~
            定向点名           Dx           Dy           Dz    识别码
                   3      -0.0601      -0.1877      -0.3439         4
                   6      -0.0372      -0.1146      -0.1593         4
              834000       0.0239       0.0131       0.0000         3
                   9      -0.0028      -0.0086      -0.0104         4
             9033401       0.2085       0.0016      -1.0224         3
             8033401      -0.0142      -0.0016       0.0003         3


                             像片外方位元素近似值
                               (单位:  弧度,  m)
 ~~~~~~~~~~~~~~~~~~~~~~~~~~~~~~~~~~~~~~~~~~~~~~~~~~~~~~~~~~~~~~~~~~~~~~~~~~~
 像 片 名        Phi     Omega     Kappa          Xs          Ys          Zs
      332      -0.02     -0.02      0.06    -418.147    -212.668     390.302
      333      -0.02     -0.01      0.04    -197.617    -210.151     383.048
      334      -0.01      0.00      0.03      37.085    -211.080     381.994


                         真实像片名与内部像片号对照表
  ---------------------------------------------------------------------------
  像  片  名          321          332          320          333          319
  像片序列号            1            2            3            4            5

  像  片  名          334
  像片序列号            6
    1    0
    2   12
    3    5
    4    4
    5    0
    6    1
    7    0
    8    0
    9    0
   10    0
   11    0
   12    0
   13    0
   14    0
   15    0
   16    0
   17    0
   18    0
   19    0
   20    0
   21    0
   22    0
   23    0
   24    0
   25    0
   26    0
   27    0
   28    0
   29    0
   30    0
